NAME       VERSION  EOL                   DAYS EOL  METHOD 
package-1  1.1.1    2018-07-31T00:00:00Z  1614      rpm     
package-2  2.2.2    2016-07-31T00:00:00Z  2344      deb     
